# Sparse memory scaling experiment

## Stage 1: exact 8,192-row comparison

| config | experts | accuracy | total params | active params | peak RSS MiB | warm ns | cold ns | cache hit rate |
|---|---:|---:|---:|---:|---:|---:|---:|---:|
| Dense | 8 | 0.5306396484375 | 217 | 217 | 25.515999999999998 | 126709.54068501791 | 129997.73025512695 | 0 |
| Sparse-4 | 8 | 0.9041748046875 | 235 | 193 | 32 | 210406.87958399454 | 222355.12733459473 | 0.97916666666666663 |
| Random-4 | 8 | 0.9075927734375 | 235 | 6 | 11.952999999999999 | 66146.254539489746 | 72002.410888671875 | 0.041666666666666664 |
| Perfect-4 | 8 | 0.9041748046875 | 235 | 6 | 9.4380000000000006 | 40084.123611450195 | 74386.5966796875 | 0.97916666666666663 |
| All-expert | 8 | 0.5333251953125 | 235 | 48 | 9.8439999999999994 | 123716.89081192017 | 122606.75430297852 | 0 |

## Scaling

| experts | total params | active params | accuracy | peak RSS MiB | warm latency ns | cold latency ns | cache hit rate |
|---:|---:|---:|---:|---:|---:|---:|---:|
| 8 | 235 | 193 | 0.9041748046875 | 32 | 210406.87958399454 | 222355.12733459473 | 0.97916666666666663 |

## Cache configurations

| config | experts | cache | accuracy | peak RSS MiB | warm ns | cold ns | hit rate |
|---|---:|---:|---:|---:|---:|---:|---:|
| Sparse-0 | 8 | 0 | 0.9041748046875 | 33.844000000000001 | 234176.71521504721 | 221371.65069580078 | 0 |
| Sparse-1 | 8 | 1 | 0.9041748046875 | 33 | 220946.96760177612 | 223994.25506591797 | 0.5 |
| Sparse-4 | 8 | 4 | 0.9041748046875 | 32 | 210406.87958399454 | 222355.12733459473 | 0.97916666666666663 |

## Conclusion

PROMISING

