# Sparse memory scaling experiment

## Stage 1: exact 8,192-row comparison

| config | experts | accuracy | total params | active params | peak RSS MiB | warm ns | cold ns | cache hit rate |
|---|---:|---:|---:|---:|---:|---:|---:|---:|
| Dense | 8 | 0.84130859375 | 17 | 17 | 9.016 | 35469.730695088707 | 36627.054214477539 | 0 |
| Sparse-4 | 8 | 0.893798828125 | 99 | 57 | 11 | 48468.510309855141 | 89764.595031738281 | 0.97916666666666663 |
| Random-4 | 8 | 0.8157958984375 | 99 | 6 | 9.9689999999999994 | 48168.003559112549 | 54389.238357543945 | 0.67708333333333337 |
| Perfect-4 | 8 | 0.893798828125 | 99 | 6 | 9.407 | 39627.154668172203 | 73134.899139404297 | 0.97916666666666663 |
| All-expert | 8 | 0.863037109375 | 99 | 48 | 9.782 | 124067.06809997559 | 122129.91714477539 | 0 |

## Scaling

| experts | total params | active params | accuracy | peak RSS MiB | warm latency ns | cold latency ns | cache hit rate |
|---:|---:|---:|---:|---:|---:|---:|---:|
| 8 | 99 | 57 | 0.893798828125 | 11 | 48468.510309855141 | 89764.595031738281 | 0.97916666666666663 |

## Cache configurations

| config | experts | cache | accuracy | peak RSS MiB | warm ns | cold ns | hit rate |
|---|---:|---:|---:|---:|---:|---:|---:|
| Sparse-0 | 8 | 0 | 0.893798828125 | 13.25 | 72844.326496124268 | 86486.339569091797 | 0 |
| Sparse-1 | 8 | 1 | 0.893798828125 | 12.452999999999999 | 62011.182308197021 | 84400.177001953125 | 0.5 |
| Sparse-4 | 8 | 4 | 0.893798828125 | 11 | 48468.510309855141 | 89764.595031738281 | 0.97916666666666663 |

## Conclusion

PROMISING

